const vmt_Fac
	:Fac.ComputeFac

func Main()
	t.0 = HeapAllocZ(4)
	[t.0] = :vmt_Fac
	if t.0 goto :null1
	Error("null pointer")
	null1:
	t.1 = [t.0]
	t.1 = [t.1+0]
	t.2 = call t.1(t.0 10)
	PrintIntS(t.2)
	ret

func Fac.ComputeFac(this num)
	t.0 = LtS(num 1)
	if0 t.0 goto :if2_else
		t.1 = 1
		goto :if2_end
	if2_else:
		t.2 = [this]
		t.2 = [t.2+0]
		t.4 = Sub(num 1)
		t.3 = call t.2(this t.4)
		t.5 = MulS(num t.3)
		t.1 = t.5
	if2_end:
	ret t.1

