const vmt_QS
	:QS.Start
	:QS.Sort
	:QS.Print
	:QS.Init

func Main()
	t.0 = HeapAllocZ(12)
	[t.0] = :vmt_QS
	if t.0 goto :null1
	Error("null pointer")
	null1:
	t.1 = [t.0]
	t.1 = [t.1+0]
	t.2 = call t.1(t.0 10)
	PrintIntS(t.2)
	ret

func QS.Start(this sz)
	t.1 = [this]
	t.1 = [t.1+12]
	t.2 = call t.1(this sz)
	t.0 = t.2
	t.3 = [this]
	t.3 = [t.3+8]
	t.4 = call t.3(this)
	t.0 = t.4
	PrintIntS(9999)
	t.5 = [this+8]
	t.6 = Sub(t.5 1)
	t.0 = t.6
	t.7 = [this]
	t.7 = [t.7+4]
	t.8 = call t.7(this 0 t.0)
	t.0 = t.8
	t.9 = [this]
	t.9 = [t.9+8]
	t.10 = call t.9(this)
	t.0 = t.10
	ret 0

func QS.Sort(this left right)
	t.0 = 0
	t.1 = LtS(left right)
	if0 t.1 goto :if2_else
		t.3 = [this+4]
		s = [t.3]
		i = right
		ok = LtS(i s)
		if ok goto :Visit3
		Error("array index out of bounds")
		Visit3: ok = LtS(-1 i)
		if ok goto :NewVisit3
		Error("array index out of bounds")
		NewVisit3: o = MulS(i 4)
		d = Add(t.3 o)
		t.4 = [d+4]
		t.2 = t.4
		t.6 = Sub(left 1)
		t.5 = t.6
		t.7 = right
		t.9 = 1
		t.8 = t.9
		loop4_begin:
		if0 t.8 goto :loop4_end
			t.11 = 1
			t.10 = t.11
			loop5_begin:
			if0 t.10 goto :loop5_end
				t.12 = Add(t.5 1)
				t.5 = t.12
				t.14 = [this+4]
				s = [t.14]
				i = t.5
				ok = LtS(i s)
				if ok goto :Visit6
				Error("array index out of bounds")
				Visit6: ok = LtS(-1 i)
				if ok goto :NewVisit6
				Error("array index out of bounds")
				NewVisit6: o = MulS(i 4)
				d = Add(t.14 o)
				t.15 = [d+4]
				t.13 = t.15
				t.16 = LtS(t.13 t.2)
				t.17 = Sub(1 t.16)
				if0 t.17 goto :if7_else
					t.18 = 0
					t.10 = t.18
					goto :if7_end
				if7_else:
					t.19 = 1
					t.10 = t.19
				if7_end:
				goto :loop5_begin
			loop5_end:
			t.20 = 1
			t.10 = t.20
			loop8_begin:
			if0 t.10 goto :loop8_end
				t.21 = Sub(t.7 1)
				t.7 = t.21
				t.22 = [this+4]
				s = [t.22]
				i = t.7
				ok = LtS(i s)
				if ok goto :Visit9
				Error("array index out of bounds")
				Visit9: ok = LtS(-1 i)
				if ok goto :NewVisit9
				Error("array index out of bounds")
				NewVisit9: o = MulS(i 4)
				d = Add(t.22 o)
				t.23 = [d+4]
				t.13 = t.23
				t.24 = LtS(t.2 t.13)
				t.25 = Sub(1 t.24)
				if0 t.25 goto :if10_else
					t.26 = 0
					t.10 = t.26
					goto :if10_end
				if10_else:
					t.27 = 1
					t.10 = t.27
				if10_end:
				goto :loop8_begin
			loop8_end:
			t.28 = [this+4]
			s = [t.28]
			i = t.5
			ok = LtS(i s)
			if ok goto :Visit11
			Error("array index out of bounds")
			Visit11: ok = LtS(-1 i)
			if ok goto :NewVisit11
			Error("array index out of bounds")
			NewVisit11: o = MulS(i 4)
			d = Add(t.28 o)
			t.29 = [d+4]
			t.0 = t.29
			t.30 = [this+4]
			t.31 = [this+4]
			s = [t.31]
			i = t.7
			ok = LtS(i s)
			if ok goto :Visit12
			Error("array index out of bounds")
			Visit12: ok = LtS(-1 i)
			if ok goto :NewVisit12
			Error("array index out of bounds")
			NewVisit12: o = MulS(i 4)
			d = Add(t.31 o)
			t.32 = [d+4]
			s = [t.30]
			i = t.5
			ok = LtS(i s)
			if ok goto :Visit13
			Error("array index out of bounds")
			Visit13: ok = LtS(-1 i)
			if ok goto :NewVisit13
			Error("array index out of bounds")
			NewVisit13: o = MulS(i 4)
			d = Add(t.30 o)
			[d+4] = t.32
			t.33 = [this+4]
			s = [t.33]
			i = t.7
			ok = LtS(i s)
			if ok goto :Visit14
			Error("array index out of bounds")
			Visit14: ok = LtS(-1 i)
			if ok goto :NewVisit14
			Error("array index out of bounds")
			NewVisit14: o = MulS(i 4)
			d = Add(t.33 o)
			[d+4] = t.0
			t.34 = Add(t.5 1)
			t.35 = LtS(t.7 t.34)
			if0 t.35 goto :if15_else
				t.36 = 0
				t.8 = t.36
				goto :if15_end
			if15_else:
				t.37 = 1
				t.8 = t.37
			if15_end:
			goto :loop4_begin
		loop4_end:
		t.38 = [this+4]
		t.39 = [this+4]
		s = [t.39]
		i = t.5
		ok = LtS(i s)
		if ok goto :Visit16
		Error("array index out of bounds")
		Visit16: ok = LtS(-1 i)
		if ok goto :NewVisit16
		Error("array index out of bounds")
		NewVisit16: o = MulS(i 4)
		d = Add(t.39 o)
		t.40 = [d+4]
		s = [t.38]
		i = t.7
		ok = LtS(i s)
		if ok goto :Visit17
		Error("array index out of bounds")
		Visit17: ok = LtS(-1 i)
		if ok goto :NewVisit17
		Error("array index out of bounds")
		NewVisit17: o = MulS(i 4)
		d = Add(t.38 o)
		[d+4] = t.40
		t.41 = [this+4]
		t.42 = [this+4]
		s = [t.42]
		i = right
		ok = LtS(i s)
		if ok goto :Visit18
		Error("array index out of bounds")
		Visit18: ok = LtS(-1 i)
		if ok goto :NewVisit18
		Error("array index out of bounds")
		NewVisit18: o = MulS(i 4)
		d = Add(t.42 o)
		t.43 = [d+4]
		s = [t.41]
		i = t.5
		ok = LtS(i s)
		if ok goto :Visit19
		Error("array index out of bounds")
		Visit19: ok = LtS(-1 i)
		if ok goto :NewVisit19
		Error("array index out of bounds")
		NewVisit19: o = MulS(i 4)
		d = Add(t.41 o)
		[d+4] = t.43
		t.44 = [this+4]
		s = [t.44]
		i = right
		ok = LtS(i s)
		if ok goto :Visit20
		Error("array index out of bounds")
		Visit20: ok = LtS(-1 i)
		if ok goto :NewVisit20
		Error("array index out of bounds")
		NewVisit20: o = MulS(i 4)
		d = Add(t.44 o)
		[d+4] = t.0
		t.46 = [this]
		t.46 = [t.46+4]
		t.48 = Sub(t.5 1)
		t.47 = call t.46(this left t.48)
		t.45 = t.47
		t.49 = [this]
		t.49 = [t.49+4]
		t.51 = Add(t.5 1)
		t.50 = call t.49(this t.51 right)
		t.45 = t.50
		goto :if2_end
	if2_else:
		t.45 = 0
	if2_end:
	ret 0

func QS.Print(this)
	t.0 = 0
	loop21_begin:
	t.1 = [this+8]
	t.2 = LtS(t.0 t.1)
	if0 t.2 goto :loop21_end
		t.3 = [this+4]
		s = [t.3]
		i = t.0
		ok = LtS(i s)
		if ok goto :Visit22
		Error("array index out of bounds")
		Visit22: ok = LtS(-1 i)
		if ok goto :NewVisit22
		Error("array index out of bounds")
		NewVisit22: o = MulS(i 4)
		d = Add(t.3 o)
		t.4 = [d+4]
		PrintIntS(t.4)
		t.5 = Add(t.0 1)
		t.0 = t.5
		goto :loop21_begin
	loop21_end:
	ret 0

func QS.Init(this sz)
	[this+8] = sz
	blen = MulS(sz 4)
	len = Add(blen 4)
	t.2 = HeapAllocZ(len)
	[t.2] = sz
	[this+4] = t.2
	t.3 = [this+4]
	s = [t.3]
	i = 0
	ok = LtS(i s)
	if ok goto :Visit23
	Error("array index out of bounds")
	Visit23: ok = LtS(-1 i)
	if ok goto :NewVisit23
	Error("array index out of bounds")
	NewVisit23: o = MulS(i 4)
	d = Add(t.3 o)
	[d+4] = 20
	t.4 = [this+4]
	s = [t.4]
	i = 1
	ok = LtS(i s)
	if ok goto :Visit24
	Error("array index out of bounds")
	Visit24: ok = LtS(-1 i)
	if ok goto :NewVisit24
	Error("array index out of bounds")
	NewVisit24: o = MulS(i 4)
	d = Add(t.4 o)
	[d+4] = 7
	t.5 = [this+4]
	s = [t.5]
	i = 2
	ok = LtS(i s)
	if ok goto :Visit25
	Error("array index out of bounds")
	Visit25: ok = LtS(-1 i)
	if ok goto :NewVisit25
	Error("array index out of bounds")
	NewVisit25: o = MulS(i 4)
	d = Add(t.5 o)
	[d+4] = 12
	t.6 = [this+4]
	s = [t.6]
	i = 3
	ok = LtS(i s)
	if ok goto :Visit26
	Error("array index out of bounds")
	Visit26: ok = LtS(-1 i)
	if ok goto :NewVisit26
	Error("array index out of bounds")
	NewVisit26: o = MulS(i 4)
	d = Add(t.6 o)
	[d+4] = 18
	t.7 = [this+4]
	s = [t.7]
	i = 4
	ok = LtS(i s)
	if ok goto :Visit27
	Error("array index out of bounds")
	Visit27: ok = LtS(-1 i)
	if ok goto :NewVisit27
	Error("array index out of bounds")
	NewVisit27: o = MulS(i 4)
	d = Add(t.7 o)
	[d+4] = 2
	t.8 = [this+4]
	s = [t.8]
	i = 5
	ok = LtS(i s)
	if ok goto :Visit28
	Error("array index out of bounds")
	Visit28: ok = LtS(-1 i)
	if ok goto :NewVisit28
	Error("array index out of bounds")
	NewVisit28: o = MulS(i 4)
	d = Add(t.8 o)
	[d+4] = 11
	t.9 = [this+4]
	s = [t.9]
	i = 6
	ok = LtS(i s)
	if ok goto :Visit29
	Error("array index out of bounds")
	Visit29: ok = LtS(-1 i)
	if ok goto :NewVisit29
	Error("array index out of bounds")
	NewVisit29: o = MulS(i 4)
	d = Add(t.9 o)
	[d+4] = 6
	t.10 = [this+4]
	s = [t.10]
	i = 7
	ok = LtS(i s)
	if ok goto :Visit30
	Error("array index out of bounds")
	Visit30: ok = LtS(-1 i)
	if ok goto :NewVisit30
	Error("array index out of bounds")
	NewVisit30: o = MulS(i 4)
	d = Add(t.10 o)
	[d+4] = 9
	t.11 = [this+4]
	s = [t.11]
	i = 8
	ok = LtS(i s)
	if ok goto :Visit31
	Error("array index out of bounds")
	Visit31: ok = LtS(-1 i)
	if ok goto :NewVisit31
	Error("array index out of bounds")
	NewVisit31: o = MulS(i 4)
	d = Add(t.11 o)
	[d+4] = 19
	t.12 = [this+4]
	s = [t.12]
	i = 9
	ok = LtS(i s)
	if ok goto :Visit32
	Error("array index out of bounds")
	Visit32: ok = LtS(-1 i)
	if ok goto :NewVisit32
	Error("array index out of bounds")
	NewVisit32: o = MulS(i 4)
	d = Add(t.12 o)
	[d+4] = 5
	ret 0

